Analysis & Synthesis report for kit_single_cycle
Sun Nov 02 15:31:29 2025
Quartus II 64-Bit Version 13.0.1 Build 232 06/12/2013 Service Pack 1 SJ Web Edition


---------------------
; Table of Contents ;
---------------------
  1. Legal Notice
  2. Analysis & Synthesis Summary
  3. Analysis & Synthesis Settings
  4. Parallel Compilation
  5. Analysis & Synthesis Source Files Read
  6. Analysis & Synthesis Resource Usage Summary
  7. Analysis & Synthesis Resource Utilization by Entity
  8. Registers Removed During Synthesis
  9. General Register Statistics
 10. Multiplexer Restructuring Statistics (Restructuring Performed)
 11. Parameter Settings for User Entity Instance: lsu:lsu_top|demux_sel_mem:demux_1
 12. Port Connectivity Checks: "control_unit:control_unit_top"
 13. Port Connectivity Checks: "brc:brc_top|add_sub_32_bit:subtractor"
 14. Port Connectivity Checks: "alu:alu_top|slt_sltu:sltu_alu"
 15. Port Connectivity Checks: "alu:alu_top|slt_sltu:slt_alu|add_sub_32_bit:SUB"
 16. Port Connectivity Checks: "alu:alu_top|slt_sltu:slt_alu"
 17. Port Connectivity Checks: "alu:alu_top|add_sub_32_bit:add_sub_alu"
 18. Port Connectivity Checks: "add_sub_32_bit:pc_add4"
 19. Elapsed Time Per Partition
 20. Analysis & Synthesis Messages
 21. Analysis & Synthesis Suppressed Messages



----------------
; Legal Notice ;
----------------
Copyright (C) 1991-2013 Altera Corporation
Your use of Altera Corporation's design tools, logic functions 
and other software and tools, and its AMPP partner logic 
functions, and any output files from any of the foregoing 
(including device programming or simulation files), and any 
associated documentation or information are expressly subject 
to the terms and conditions of the Altera Program License 
Subscription Agreement, Altera MegaCore Function License 
Agreement, or other applicable license agreement, including, 
without limitation, that your use is for the sole purpose of 
programming logic devices manufactured by Altera and sold by 
Altera or its authorized distributors.  Please refer to the 
applicable agreement for further details.



+--------------------------------------------------------------------------------------+
; Analysis & Synthesis Summary                                                         ;
+------------------------------------+-------------------------------------------------+
; Analysis & Synthesis Status        ; Successful - Sun Nov 02 15:31:28 2025           ;
; Quartus II 64-Bit Version          ; 13.0.1 Build 232 06/12/2013 SP 1 SJ Web Edition ;
; Revision Name                      ; kit_single_cycle                                ;
; Top-level Entity Name              ; kit_single_cycle                                ;
; Family                             ; Cyclone II                                      ;
; Total logic elements               ; 32,346                                          ;
;     Total combinational functions  ; 14,842                                          ;
;     Dedicated logic registers      ; 17,633                                          ;
; Total registers                    ; 17633                                           ;
; Total pins                         ; 219                                             ;
; Total virtual pins                 ; 0                                               ;
; Total memory bits                  ; 0                                               ;
; Embedded Multiplier 9-bit elements ; 0                                               ;
; Total PLLs                         ; 0                                               ;
+------------------------------------+-------------------------------------------------+


+----------------------------------------------------------------------------------------------------------------------+
; Analysis & Synthesis Settings                                                                                        ;
+----------------------------------------------------------------------------+--------------------+--------------------+
; Option                                                                     ; Setting            ; Default Value      ;
+----------------------------------------------------------------------------+--------------------+--------------------+
; Device                                                                     ; EP2C35F672C6       ;                    ;
; Top-level entity name                                                      ; kit_single_cycle   ; kit_single_cycle   ;
; Family name                                                                ; Cyclone II         ; Cyclone IV GX      ;
; Use smart compilation                                                      ; Off                ; Off                ;
; Enable parallel Assembler and TimeQuest Timing Analyzer during compilation ; On                 ; On                 ;
; Enable compact report table                                                ; Off                ; Off                ;
; Restructure Multiplexers                                                   ; Auto               ; Auto               ;
; Create Debugging Nodes for IP Cores                                        ; Off                ; Off                ;
; Preserve fewer node names                                                  ; On                 ; On                 ;
; Disable OpenCore Plus hardware evaluation                                  ; Off                ; Off                ;
; Verilog Version                                                            ; Verilog_2001       ; Verilog_2001       ;
; VHDL Version                                                               ; VHDL_1993          ; VHDL_1993          ;
; State Machine Processing                                                   ; Auto               ; Auto               ;
; Safe State Machine                                                         ; Off                ; Off                ;
; Extract Verilog State Machines                                             ; On                 ; On                 ;
; Extract VHDL State Machines                                                ; On                 ; On                 ;
; Ignore Verilog initial constructs                                          ; Off                ; Off                ;
; Iteration limit for constant Verilog loops                                 ; 5000               ; 5000               ;
; Iteration limit for non-constant Verilog loops                             ; 250                ; 250                ;
; Add Pass-Through Logic to Inferred RAMs                                    ; On                 ; On                 ;
; Infer RAMs from Raw Logic                                                  ; On                 ; On                 ;
; Parallel Synthesis                                                         ; On                 ; On                 ;
; DSP Block Balancing                                                        ; Auto               ; Auto               ;
; NOT Gate Push-Back                                                         ; On                 ; On                 ;
; Power-Up Don't Care                                                        ; On                 ; On                 ;
; Remove Redundant Logic Cells                                               ; Off                ; Off                ;
; Remove Duplicate Registers                                                 ; On                 ; On                 ;
; Ignore CARRY Buffers                                                       ; Off                ; Off                ;
; Ignore CASCADE Buffers                                                     ; Off                ; Off                ;
; Ignore GLOBAL Buffers                                                      ; Off                ; Off                ;
; Ignore ROW GLOBAL Buffers                                                  ; Off                ; Off                ;
; Ignore LCELL Buffers                                                       ; Off                ; Off                ;
; Ignore SOFT Buffers                                                        ; On                 ; On                 ;
; Limit AHDL Integers to 32 Bits                                             ; Off                ; Off                ;
; Optimization Technique                                                     ; Balanced           ; Balanced           ;
; Carry Chain Length                                                         ; 70                 ; 70                 ;
; Auto Carry Chains                                                          ; On                 ; On                 ;
; Auto Open-Drain Pins                                                       ; On                 ; On                 ;
; Perform WYSIWYG Primitive Resynthesis                                      ; Off                ; Off                ;
; Auto ROM Replacement                                                       ; On                 ; On                 ;
; Auto RAM Replacement                                                       ; On                 ; On                 ;
; Auto Shift Register Replacement                                            ; Auto               ; Auto               ;
; Allow Shift Register Merging across Hierarchies                            ; Auto               ; Auto               ;
; Auto Clock Enable Replacement                                              ; On                 ; On                 ;
; Strict RAM Replacement                                                     ; Off                ; Off                ;
; Allow Synchronous Control Signals                                          ; On                 ; On                 ;
; Force Use of Synchronous Clear Signals                                     ; Off                ; Off                ;
; Auto RAM to Logic Cell Conversion                                          ; Off                ; Off                ;
; Auto Resource Sharing                                                      ; Off                ; Off                ;
; Allow Any RAM Size For Recognition                                         ; Off                ; Off                ;
; Allow Any ROM Size For Recognition                                         ; Off                ; Off                ;
; Allow Any Shift Register Size For Recognition                              ; Off                ; Off                ;
; Use LogicLock Constraints during Resource Balancing                        ; On                 ; On                 ;
; Ignore translate_off and synthesis_off directives                          ; Off                ; Off                ;
; Timing-Driven Synthesis                                                    ; Off                ; Off                ;
; Report Parameter Settings                                                  ; On                 ; On                 ;
; Report Source Assignments                                                  ; On                 ; On                 ;
; Report Connectivity Checks                                                 ; On                 ; On                 ;
; Ignore Maximum Fan-Out Assignments                                         ; Off                ; Off                ;
; Synchronization Register Chain Length                                      ; 2                  ; 2                  ;
; PowerPlay Power Optimization                                               ; Normal compilation ; Normal compilation ;
; HDL message level                                                          ; Level2             ; Level2             ;
; Suppress Register Optimization Related Messages                            ; Off                ; Off                ;
; Number of Removed Registers Reported in Synthesis Report                   ; 5000               ; 5000               ;
; Number of Swept Nodes Reported in Synthesis Report                         ; 5000               ; 5000               ;
; Number of Inverted Registers Reported in Synthesis Report                  ; 100                ; 100                ;
; Clock MUX Protection                                                       ; On                 ; On                 ;
; Auto Gated Clock Conversion                                                ; Off                ; Off                ;
; Block Design Naming                                                        ; Auto               ; Auto               ;
; SDC constraint protection                                                  ; Off                ; Off                ;
; Synthesis Effort                                                           ; Auto               ; Auto               ;
; Shift Register Replacement - Allow Asynchronous Clear Signal               ; On                 ; On                 ;
; Pre-Mapping Resynthesis Optimization                                       ; Off                ; Off                ;
; Analysis & Synthesis Message Level                                         ; Medium             ; Medium             ;
; Disable Register Merging Across Hierarchies                                ; Auto               ; Auto               ;
; Resource Aware Inference For Block RAM                                     ; On                 ; On                 ;
; Synthesis Seed                                                             ; 1                  ; 1                  ;
+----------------------------------------------------------------------------+--------------------+--------------------+


Parallel compilation was disabled, but you have multiple processors available. Enable parallel compilation to reduce compilation time.
+-------------------------------------+
; Parallel Compilation                ;
+----------------------------+--------+
; Processors                 ; Number ;
+----------------------------+--------+
; Number detected on machine ; 8      ;
; Maximum allowed            ; 1      ;
+----------------------------+--------+


+-----------------------------------------------------------------------------------------------------------------------------------------------------------------------------------------------------------------------------------------+
; Analysis & Synthesis Source Files Read                                                                                                                                                                                                  ;
+------------------------------------------------------------------------------+-----------------+------------------------------+-----------------------------------------------------------------------------------------------+---------+
; File Name with User-Entered Path                                             ; Used in Netlist ; File Type                    ; File Name with Absolute Path                                                                  ; Library ;
+------------------------------------------------------------------------------+-----------------+------------------------------+-----------------------------------------------------------------------------------------------+---------+
; kit_single_cycle.sv                                                          ; yes             ; User SystemVerilog HDL File  ; D:/HCMUT/Year_2025_2026/251/Conmputer_Organization/milestone_2/03_Quartus/kit_single_cycle.sv ;         ;
; /hcmut/year_2025_2026/251/conmputer_organization/milestone_2/00_src/lcd.dump ; yes             ; Auto-Found Unspecified File  ; /hcmut/year_2025_2026/251/conmputer_organization/milestone_2/00_src/lcd.dump                  ;         ;
+------------------------------------------------------------------------------+-----------------+------------------------------+-----------------------------------------------------------------------------------------------+---------+


+-------------------------------------------------------+
; Analysis & Synthesis Resource Usage Summary           ;
+---------------------------------------------+---------+
; Resource                                    ; Usage   ;
+---------------------------------------------+---------+
; Estimated Total logic elements              ; 32,346  ;
;                                             ;         ;
; Total combinational functions               ; 14842   ;
; Logic element usage by number of LUT inputs ;         ;
;     -- 4 input functions                    ; 14297   ;
;     -- 3 input functions                    ; 430     ;
;     -- <=2 input functions                  ; 115     ;
;                                             ;         ;
; Logic elements by mode                      ;         ;
;     -- normal mode                          ; 14842   ;
;     -- arithmetic mode                      ; 0       ;
;                                             ;         ;
; Total registers                             ; 17633   ;
;     -- Dedicated logic registers            ; 17633   ;
;     -- I/O registers                        ; 0       ;
;                                             ;         ;
; I/O pins                                    ; 219     ;
; Embedded Multiplier 9-bit elements          ; 0       ;
; Maximum fan-out node                        ; i_reset ;
; Maximum fan-out                             ; 17645   ;
; Total fan-out                               ; 129318  ;
; Average fan-out                             ; 3.96    ;
+---------------------------------------------+---------+


+---------------------------------------------------------------------------------------------------------------------------------------------------------------------------------------------------------------------------------------------------------------------+
; Analysis & Synthesis Resource Utilization by Entity                                                                                                                                                                                                                 ;
+------------------------------------------+-------------------+---------------+-------------+--------------+---------+-----------+------+--------------+----------------------------------------------------------------------------------------------+--------------+
; Compilation Hierarchy Node               ; LC Combinationals ; LC Registers  ; Memory Bits ; DSP Elements ; DSP 9x9 ; DSP 18x18 ; Pins ; Virtual Pins ; Full Hierarchy Name                                                                          ; Library Name ;
+------------------------------------------+-------------------+---------------+-------------+--------------+---------+-----------+------+--------------+----------------------------------------------------------------------------------------------+--------------+
; |kit_single_cycle                        ; 14842 (3)         ; 17633 (33)    ; 0           ; 0            ; 0       ; 0         ; 219  ; 0            ; |kit_single_cycle                                                                            ; work         ;
;    |add_sub_32_bit:pc_add4|              ; 38 (0)            ; 0 (0)         ; 0           ; 0            ; 0       ; 0         ; 0    ; 0            ; |kit_single_cycle|add_sub_32_bit:pc_add4                                                     ; work         ;
;       |full_adder:adder_32[10].FA|       ; 2 (2)             ; 0 (0)         ; 0           ; 0            ; 0       ; 0         ; 0    ; 0            ; |kit_single_cycle|add_sub_32_bit:pc_add4|full_adder:adder_32[10].FA                          ; work         ;
;       |full_adder:adder_32[11].FA|       ; 1 (1)             ; 0 (0)         ; 0           ; 0            ; 0       ; 0         ; 0    ; 0            ; |kit_single_cycle|add_sub_32_bit:pc_add4|full_adder:adder_32[11].FA                          ; work         ;
;       |full_adder:adder_32[12].FA|       ; 1 (1)             ; 0 (0)         ; 0           ; 0            ; 0       ; 0         ; 0    ; 0            ; |kit_single_cycle|add_sub_32_bit:pc_add4|full_adder:adder_32[12].FA                          ; work         ;
;       |full_adder:adder_32[13].FA|       ; 2 (2)             ; 0 (0)         ; 0           ; 0            ; 0       ; 0         ; 0    ; 0            ; |kit_single_cycle|add_sub_32_bit:pc_add4|full_adder:adder_32[13].FA                          ; work         ;
;       |full_adder:adder_32[14].FA|       ; 1 (1)             ; 0 (0)         ; 0           ; 0            ; 0       ; 0         ; 0    ; 0            ; |kit_single_cycle|add_sub_32_bit:pc_add4|full_adder:adder_32[14].FA                          ; work         ;
;       |full_adder:adder_32[15].FA|       ; 1 (1)             ; 0 (0)         ; 0           ; 0            ; 0       ; 0         ; 0    ; 0            ; |kit_single_cycle|add_sub_32_bit:pc_add4|full_adder:adder_32[15].FA                          ; work         ;
;       |full_adder:adder_32[16].FA|       ; 2 (2)             ; 0 (0)         ; 0           ; 0            ; 0       ; 0         ; 0    ; 0            ; |kit_single_cycle|add_sub_32_bit:pc_add4|full_adder:adder_32[16].FA                          ; work         ;
;       |full_adder:adder_32[17].FA|       ; 1 (1)             ; 0 (0)         ; 0           ; 0            ; 0       ; 0         ; 0    ; 0            ; |kit_single_cycle|add_sub_32_bit:pc_add4|full_adder:adder_32[17].FA                          ; work         ;
;       |full_adder:adder_32[18].FA|       ; 1 (1)             ; 0 (0)         ; 0           ; 0            ; 0       ; 0         ; 0    ; 0            ; |kit_single_cycle|add_sub_32_bit:pc_add4|full_adder:adder_32[18].FA                          ; work         ;
;       |full_adder:adder_32[19].FA|       ; 2 (2)             ; 0 (0)         ; 0           ; 0            ; 0       ; 0         ; 0    ; 0            ; |kit_single_cycle|add_sub_32_bit:pc_add4|full_adder:adder_32[19].FA                          ; work         ;
;       |full_adder:adder_32[20].FA|       ; 1 (1)             ; 0 (0)         ; 0           ; 0            ; 0       ; 0         ; 0    ; 0            ; |kit_single_cycle|add_sub_32_bit:pc_add4|full_adder:adder_32[20].FA                          ; work         ;
;       |full_adder:adder_32[21].FA|       ; 1 (1)             ; 0 (0)         ; 0           ; 0            ; 0       ; 0         ; 0    ; 0            ; |kit_single_cycle|add_sub_32_bit:pc_add4|full_adder:adder_32[21].FA                          ; work         ;
;       |full_adder:adder_32[22].FA|       ; 2 (2)             ; 0 (0)         ; 0           ; 0            ; 0       ; 0         ; 0    ; 0            ; |kit_single_cycle|add_sub_32_bit:pc_add4|full_adder:adder_32[22].FA                          ; work         ;
;       |full_adder:adder_32[23].FA|       ; 1 (1)             ; 0 (0)         ; 0           ; 0            ; 0       ; 0         ; 0    ; 0            ; |kit_single_cycle|add_sub_32_bit:pc_add4|full_adder:adder_32[23].FA                          ; work         ;
;       |full_adder:adder_32[24].FA|       ; 1 (1)             ; 0 (0)         ; 0           ; 0            ; 0       ; 0         ; 0    ; 0            ; |kit_single_cycle|add_sub_32_bit:pc_add4|full_adder:adder_32[24].FA                          ; work         ;
;       |full_adder:adder_32[25].FA|       ; 2 (2)             ; 0 (0)         ; 0           ; 0            ; 0       ; 0         ; 0    ; 0            ; |kit_single_cycle|add_sub_32_bit:pc_add4|full_adder:adder_32[25].FA                          ; work         ;
;       |full_adder:adder_32[26].FA|       ; 1 (1)             ; 0 (0)         ; 0           ; 0            ; 0       ; 0         ; 0    ; 0            ; |kit_single_cycle|add_sub_32_bit:pc_add4|full_adder:adder_32[26].FA                          ; work         ;
;       |full_adder:adder_32[27].FA|       ; 1 (1)             ; 0 (0)         ; 0           ; 0            ; 0       ; 0         ; 0    ; 0            ; |kit_single_cycle|add_sub_32_bit:pc_add4|full_adder:adder_32[27].FA                          ; work         ;
;       |full_adder:adder_32[28].FA|       ; 2 (2)             ; 0 (0)         ; 0           ; 0            ; 0       ; 0         ; 0    ; 0            ; |kit_single_cycle|add_sub_32_bit:pc_add4|full_adder:adder_32[28].FA                          ; work         ;
;       |full_adder:adder_32[29].FA|       ; 1 (1)             ; 0 (0)         ; 0           ; 0            ; 0       ; 0         ; 0    ; 0            ; |kit_single_cycle|add_sub_32_bit:pc_add4|full_adder:adder_32[29].FA                          ; work         ;
;       |full_adder:adder_32[30].FA|       ; 1 (1)             ; 0 (0)         ; 0           ; 0            ; 0       ; 0         ; 0    ; 0            ; |kit_single_cycle|add_sub_32_bit:pc_add4|full_adder:adder_32[30].FA                          ; work         ;
;       |full_adder:adder_32[31].FA|       ; 1 (1)             ; 0 (0)         ; 0           ; 0            ; 0       ; 0         ; 0    ; 0            ; |kit_single_cycle|add_sub_32_bit:pc_add4|full_adder:adder_32[31].FA                          ; work         ;
;       |full_adder:adder_32[3].FA|        ; 2 (2)             ; 0 (0)         ; 0           ; 0            ; 0       ; 0         ; 0    ; 0            ; |kit_single_cycle|add_sub_32_bit:pc_add4|full_adder:adder_32[3].FA                           ; work         ;
;       |full_adder:adder_32[4].FA|        ; 1 (1)             ; 0 (0)         ; 0           ; 0            ; 0       ; 0         ; 0    ; 0            ; |kit_single_cycle|add_sub_32_bit:pc_add4|full_adder:adder_32[4].FA                           ; work         ;
;       |full_adder:adder_32[5].FA|        ; 1 (1)             ; 0 (0)         ; 0           ; 0            ; 0       ; 0         ; 0    ; 0            ; |kit_single_cycle|add_sub_32_bit:pc_add4|full_adder:adder_32[5].FA                           ; work         ;
;       |full_adder:adder_32[6].FA|        ; 1 (1)             ; 0 (0)         ; 0           ; 0            ; 0       ; 0         ; 0    ; 0            ; |kit_single_cycle|add_sub_32_bit:pc_add4|full_adder:adder_32[6].FA                           ; work         ;
;       |full_adder:adder_32[7].FA|        ; 2 (2)             ; 0 (0)         ; 0           ; 0            ; 0       ; 0         ; 0    ; 0            ; |kit_single_cycle|add_sub_32_bit:pc_add4|full_adder:adder_32[7].FA                           ; work         ;
;       |full_adder:adder_32[8].FA|        ; 1 (1)             ; 0 (0)         ; 0           ; 0            ; 0       ; 0         ; 0    ; 0            ; |kit_single_cycle|add_sub_32_bit:pc_add4|full_adder:adder_32[8].FA                           ; work         ;
;       |full_adder:adder_32[9].FA|        ; 1 (1)             ; 0 (0)         ; 0           ; 0            ; 0       ; 0         ; 0    ; 0            ; |kit_single_cycle|add_sub_32_bit:pc_add4|full_adder:adder_32[9].FA                           ; work         ;
;    |alu:alu_top|                         ; 616 (268)         ; 0 (0)         ; 0           ; 0            ; 0       ; 0         ; 0    ; 0            ; |kit_single_cycle|alu:alu_top                                                                ; work         ;
;       |add_sub_32_bit:add_sub_alu|       ; 53 (0)            ; 0 (0)         ; 0           ; 0            ; 0       ; 0         ; 0    ; 0            ; |kit_single_cycle|alu:alu_top|add_sub_32_bit:add_sub_alu                                     ; work         ;
;          |full_adder:FA0|                ; 1 (1)             ; 0 (0)         ; 0           ; 0            ; 0       ; 0         ; 0    ; 0            ; |kit_single_cycle|alu:alu_top|add_sub_32_bit:add_sub_alu|full_adder:FA0                      ; work         ;
;          |full_adder:adder_32[10].FA|    ; 2 (2)             ; 0 (0)         ; 0           ; 0            ; 0       ; 0         ; 0    ; 0            ; |kit_single_cycle|alu:alu_top|add_sub_32_bit:add_sub_alu|full_adder:adder_32[10].FA          ; work         ;
;          |full_adder:adder_32[11].FA|    ; 2 (2)             ; 0 (0)         ; 0           ; 0            ; 0       ; 0         ; 0    ; 0            ; |kit_single_cycle|alu:alu_top|add_sub_32_bit:add_sub_alu|full_adder:adder_32[11].FA          ; work         ;
;          |full_adder:adder_32[12].FA|    ; 2 (2)             ; 0 (0)         ; 0           ; 0            ; 0       ; 0         ; 0    ; 0            ; |kit_single_cycle|alu:alu_top|add_sub_32_bit:add_sub_alu|full_adder:adder_32[12].FA          ; work         ;
;          |full_adder:adder_32[13].FA|    ; 2 (2)             ; 0 (0)         ; 0           ; 0            ; 0       ; 0         ; 0    ; 0            ; |kit_single_cycle|alu:alu_top|add_sub_32_bit:add_sub_alu|full_adder:adder_32[13].FA          ; work         ;
;          |full_adder:adder_32[14].FA|    ; 1 (1)             ; 0 (0)         ; 0           ; 0            ; 0       ; 0         ; 0    ; 0            ; |kit_single_cycle|alu:alu_top|add_sub_32_bit:add_sub_alu|full_adder:adder_32[14].FA          ; work         ;
;          |full_adder:adder_32[15].FA|    ; 2 (2)             ; 0 (0)         ; 0           ; 0            ; 0       ; 0         ; 0    ; 0            ; |kit_single_cycle|alu:alu_top|add_sub_32_bit:add_sub_alu|full_adder:adder_32[15].FA          ; work         ;
;          |full_adder:adder_32[16].FA|    ; 2 (2)             ; 0 (0)         ; 0           ; 0            ; 0       ; 0         ; 0    ; 0            ; |kit_single_cycle|alu:alu_top|add_sub_32_bit:add_sub_alu|full_adder:adder_32[16].FA          ; work         ;
;          |full_adder:adder_32[17].FA|    ; 2 (2)             ; 0 (0)         ; 0           ; 0            ; 0       ; 0         ; 0    ; 0            ; |kit_single_cycle|alu:alu_top|add_sub_32_bit:add_sub_alu|full_adder:adder_32[17].FA          ; work         ;
;          |full_adder:adder_32[18].FA|    ; 2 (2)             ; 0 (0)         ; 0           ; 0            ; 0       ; 0         ; 0    ; 0            ; |kit_single_cycle|alu:alu_top|add_sub_32_bit:add_sub_alu|full_adder:adder_32[18].FA          ; work         ;
;          |full_adder:adder_32[19].FA|    ; 2 (2)             ; 0 (0)         ; 0           ; 0            ; 0       ; 0         ; 0    ; 0            ; |kit_single_cycle|alu:alu_top|add_sub_32_bit:add_sub_alu|full_adder:adder_32[19].FA          ; work         ;
;          |full_adder:adder_32[1].FA|     ; 2 (2)             ; 0 (0)         ; 0           ; 0            ; 0       ; 0         ; 0    ; 0            ; |kit_single_cycle|alu:alu_top|add_sub_32_bit:add_sub_alu|full_adder:adder_32[1].FA           ; work         ;
;          |full_adder:adder_32[20].FA|    ; 2 (2)             ; 0 (0)         ; 0           ; 0            ; 0       ; 0         ; 0    ; 0            ; |kit_single_cycle|alu:alu_top|add_sub_32_bit:add_sub_alu|full_adder:adder_32[20].FA          ; work         ;
;          |full_adder:adder_32[21].FA|    ; 2 (2)             ; 0 (0)         ; 0           ; 0            ; 0       ; 0         ; 0    ; 0            ; |kit_single_cycle|alu:alu_top|add_sub_32_bit:add_sub_alu|full_adder:adder_32[21].FA          ; work         ;
;          |full_adder:adder_32[22].FA|    ; 2 (2)             ; 0 (0)         ; 0           ; 0            ; 0       ; 0         ; 0    ; 0            ; |kit_single_cycle|alu:alu_top|add_sub_32_bit:add_sub_alu|full_adder:adder_32[22].FA          ; work         ;
;          |full_adder:adder_32[23].FA|    ; 2 (2)             ; 0 (0)         ; 0           ; 0            ; 0       ; 0         ; 0    ; 0            ; |kit_single_cycle|alu:alu_top|add_sub_32_bit:add_sub_alu|full_adder:adder_32[23].FA          ; work         ;
;          |full_adder:adder_32[24].FA|    ; 2 (2)             ; 0 (0)         ; 0           ; 0            ; 0       ; 0         ; 0    ; 0            ; |kit_single_cycle|alu:alu_top|add_sub_32_bit:add_sub_alu|full_adder:adder_32[24].FA          ; work         ;
;          |full_adder:adder_32[25].FA|    ; 1 (1)             ; 0 (0)         ; 0           ; 0            ; 0       ; 0         ; 0    ; 0            ; |kit_single_cycle|alu:alu_top|add_sub_32_bit:add_sub_alu|full_adder:adder_32[25].FA          ; work         ;
;          |full_adder:adder_32[26].FA|    ; 1 (1)             ; 0 (0)         ; 0           ; 0            ; 0       ; 0         ; 0    ; 0            ; |kit_single_cycle|alu:alu_top|add_sub_32_bit:add_sub_alu|full_adder:adder_32[26].FA          ; work         ;
;          |full_adder:adder_32[27].FA|    ; 1 (1)             ; 0 (0)         ; 0           ; 0            ; 0       ; 0         ; 0    ; 0            ; |kit_single_cycle|alu:alu_top|add_sub_32_bit:add_sub_alu|full_adder:adder_32[27].FA          ; work         ;
;          |full_adder:adder_32[28].FA|    ; 2 (2)             ; 0 (0)         ; 0           ; 0            ; 0       ; 0         ; 0    ; 0            ; |kit_single_cycle|alu:alu_top|add_sub_32_bit:add_sub_alu|full_adder:adder_32[28].FA          ; work         ;
;          |full_adder:adder_32[29].FA|    ; 1 (1)             ; 0 (0)         ; 0           ; 0            ; 0       ; 0         ; 0    ; 0            ; |kit_single_cycle|alu:alu_top|add_sub_32_bit:add_sub_alu|full_adder:adder_32[29].FA          ; work         ;
;          |full_adder:adder_32[2].FA|     ; 1 (1)             ; 0 (0)         ; 0           ; 0            ; 0       ; 0         ; 0    ; 0            ; |kit_single_cycle|alu:alu_top|add_sub_32_bit:add_sub_alu|full_adder:adder_32[2].FA           ; work         ;
;          |full_adder:adder_32[3].FA|     ; 2 (2)             ; 0 (0)         ; 0           ; 0            ; 0       ; 0         ; 0    ; 0            ; |kit_single_cycle|alu:alu_top|add_sub_32_bit:add_sub_alu|full_adder:adder_32[3].FA           ; work         ;
;          |full_adder:adder_32[4].FA|     ; 2 (2)             ; 0 (0)         ; 0           ; 0            ; 0       ; 0         ; 0    ; 0            ; |kit_single_cycle|alu:alu_top|add_sub_32_bit:add_sub_alu|full_adder:adder_32[4].FA           ; work         ;
;          |full_adder:adder_32[5].FA|     ; 2 (2)             ; 0 (0)         ; 0           ; 0            ; 0       ; 0         ; 0    ; 0            ; |kit_single_cycle|alu:alu_top|add_sub_32_bit:add_sub_alu|full_adder:adder_32[5].FA           ; work         ;
;          |full_adder:adder_32[6].FA|     ; 2 (2)             ; 0 (0)         ; 0           ; 0            ; 0       ; 0         ; 0    ; 0            ; |kit_single_cycle|alu:alu_top|add_sub_32_bit:add_sub_alu|full_adder:adder_32[6].FA           ; work         ;
;          |full_adder:adder_32[7].FA|     ; 2 (2)             ; 0 (0)         ; 0           ; 0            ; 0       ; 0         ; 0    ; 0            ; |kit_single_cycle|alu:alu_top|add_sub_32_bit:add_sub_alu|full_adder:adder_32[7].FA           ; work         ;
;          |full_adder:adder_32[8].FA|     ; 2 (2)             ; 0 (0)         ; 0           ; 0            ; 0       ; 0         ; 0    ; 0            ; |kit_single_cycle|alu:alu_top|add_sub_32_bit:add_sub_alu|full_adder:adder_32[8].FA           ; work         ;
;          |full_adder:adder_32[9].FA|     ; 2 (2)             ; 0 (0)         ; 0           ; 0            ; 0       ; 0         ; 0    ; 0            ; |kit_single_cycle|alu:alu_top|add_sub_32_bit:add_sub_alu|full_adder:adder_32[9].FA           ; work         ;
;       |shift_left_logical:sll_alu|       ; 115 (115)         ; 0 (0)         ; 0           ; 0            ; 0       ; 0         ; 0    ; 0            ; |kit_single_cycle|alu:alu_top|shift_left_logical:sll_alu                                     ; work         ;
;       |shift_right_logical:srl_alu|      ; 127 (127)         ; 0 (0)         ; 0           ; 0            ; 0       ; 0         ; 0    ; 0            ; |kit_single_cycle|alu:alu_top|shift_right_logical:srl_alu                                    ; work         ;
;       |slt_sltu:slt_alu|                 ; 53 (0)            ; 0 (0)         ; 0           ; 0            ; 0       ; 0         ; 0    ; 0            ; |kit_single_cycle|alu:alu_top|slt_sltu:slt_alu                                               ; work         ;
;          |add_sub_32_bit:SUB|            ; 53 (0)            ; 0 (0)         ; 0           ; 0            ; 0       ; 0         ; 0    ; 0            ; |kit_single_cycle|alu:alu_top|slt_sltu:slt_alu|add_sub_32_bit:SUB                            ; work         ;
;             |full_adder:adder_32[10].FA| ; 1 (1)             ; 0 (0)         ; 0           ; 0            ; 0       ; 0         ; 0    ; 0            ; |kit_single_cycle|alu:alu_top|slt_sltu:slt_alu|add_sub_32_bit:SUB|full_adder:adder_32[10].FA ; work         ;
;             |full_adder:adder_32[11].FA| ; 1 (1)             ; 0 (0)         ; 0           ; 0            ; 0       ; 0         ; 0    ; 0            ; |kit_single_cycle|alu:alu_top|slt_sltu:slt_alu|add_sub_32_bit:SUB|full_adder:adder_32[11].FA ; work         ;
;             |full_adder:adder_32[12].FA| ; 1 (1)             ; 0 (0)         ; 0           ; 0            ; 0       ; 0         ; 0    ; 0            ; |kit_single_cycle|alu:alu_top|slt_sltu:slt_alu|add_sub_32_bit:SUB|full_adder:adder_32[12].FA ; work         ;
;             |full_adder:adder_32[13].FA| ; 9 (9)             ; 0 (0)         ; 0           ; 0            ; 0       ; 0         ; 0    ; 0            ; |kit_single_cycle|alu:alu_top|slt_sltu:slt_alu|add_sub_32_bit:SUB|full_adder:adder_32[13].FA ; work         ;
;             |full_adder:adder_32[17].FA| ; 1 (1)             ; 0 (0)         ; 0           ; 0            ; 0       ; 0         ; 0    ; 0            ; |kit_single_cycle|alu:alu_top|slt_sltu:slt_alu|add_sub_32_bit:SUB|full_adder:adder_32[17].FA ; work         ;
;             |full_adder:adder_32[18].FA| ; 1 (1)             ; 0 (0)         ; 0           ; 0            ; 0       ; 0         ; 0    ; 0            ; |kit_single_cycle|alu:alu_top|slt_sltu:slt_alu|add_sub_32_bit:SUB|full_adder:adder_32[18].FA ; work         ;
;             |full_adder:adder_32[19].FA| ; 1 (1)             ; 0 (0)         ; 0           ; 0            ; 0       ; 0         ; 0    ; 0            ; |kit_single_cycle|alu:alu_top|slt_sltu:slt_alu|add_sub_32_bit:SUB|full_adder:adder_32[19].FA ; work         ;
;             |full_adder:adder_32[20].FA| ; 8 (8)             ; 0 (0)         ; 0           ; 0            ; 0       ; 0         ; 0    ; 0            ; |kit_single_cycle|alu:alu_top|slt_sltu:slt_alu|add_sub_32_bit:SUB|full_adder:adder_32[20].FA ; work         ;
;             |full_adder:adder_32[21].FA| ; 1 (1)             ; 0 (0)         ; 0           ; 0            ; 0       ; 0         ; 0    ; 0            ; |kit_single_cycle|alu:alu_top|slt_sltu:slt_alu|add_sub_32_bit:SUB|full_adder:adder_32[21].FA ; work         ;
;             |full_adder:adder_32[22].FA| ; 1 (1)             ; 0 (0)         ; 0           ; 0            ; 0       ; 0         ; 0    ; 0            ; |kit_single_cycle|alu:alu_top|slt_sltu:slt_alu|add_sub_32_bit:SUB|full_adder:adder_32[22].FA ; work         ;
;             |full_adder:adder_32[23].FA| ; 1 (1)             ; 0 (0)         ; 0           ; 0            ; 0       ; 0         ; 0    ; 0            ; |kit_single_cycle|alu:alu_top|slt_sltu:slt_alu|add_sub_32_bit:SUB|full_adder:adder_32[23].FA ; work         ;
;             |full_adder:adder_32[24].FA| ; 1 (1)             ; 0 (0)         ; 0           ; 0            ; 0       ; 0         ; 0    ; 0            ; |kit_single_cycle|alu:alu_top|slt_sltu:slt_alu|add_sub_32_bit:SUB|full_adder:adder_32[24].FA ; work         ;
;             |full_adder:adder_32[25].FA| ; 1 (1)             ; 0 (0)         ; 0           ; 0            ; 0       ; 0         ; 0    ; 0            ; |kit_single_cycle|alu:alu_top|slt_sltu:slt_alu|add_sub_32_bit:SUB|full_adder:adder_32[25].FA ; work         ;
;             |full_adder:adder_32[26].FA| ; 1 (1)             ; 0 (0)         ; 0           ; 0            ; 0       ; 0         ; 0    ; 0            ; |kit_single_cycle|alu:alu_top|slt_sltu:slt_alu|add_sub_32_bit:SUB|full_adder:adder_32[26].FA ; work         ;
;             |full_adder:adder_32[27].FA| ; 8 (8)             ; 0 (0)         ; 0           ; 0            ; 0       ; 0         ; 0    ; 0            ; |kit_single_cycle|alu:alu_top|slt_sltu:slt_alu|add_sub_32_bit:SUB|full_adder:adder_32[27].FA ; work         ;
;             |full_adder:adder_32[28].FA| ; 1 (1)             ; 0 (0)         ; 0           ; 0            ; 0       ; 0         ; 0    ; 0            ; |kit_single_cycle|alu:alu_top|slt_sltu:slt_alu|add_sub_32_bit:SUB|full_adder:adder_32[28].FA ; work         ;
;             |full_adder:adder_32[29].FA| ; 1 (1)             ; 0 (0)         ; 0           ; 0            ; 0       ; 0         ; 0    ; 0            ; |kit_single_cycle|alu:alu_top|slt_sltu:slt_alu|add_sub_32_bit:SUB|full_adder:adder_32[29].FA ; work         ;
;             |full_adder:adder_32[30].FA| ; 2 (2)             ; 0 (0)         ; 0           ; 0            ; 0       ; 0         ; 0    ; 0            ; |kit_single_cycle|alu:alu_top|slt_sltu:slt_alu|add_sub_32_bit:SUB|full_adder:adder_32[30].FA ; work         ;
;             |full_adder:adder_32[3].FA|  ; 1 (1)             ; 0 (0)         ; 0           ; 0            ; 0       ; 0         ; 0    ; 0            ; |kit_single_cycle|alu:alu_top|slt_sltu:slt_alu|add_sub_32_bit:SUB|full_adder:adder_32[3].FA  ; work         ;
;             |full_adder:adder_32[4].FA|  ; 1 (1)             ; 0 (0)         ; 0           ; 0            ; 0       ; 0         ; 0    ; 0            ; |kit_single_cycle|alu:alu_top|slt_sltu:slt_alu|add_sub_32_bit:SUB|full_adder:adder_32[4].FA  ; work         ;
;             |full_adder:adder_32[5].FA|  ; 1 (1)             ; 0 (0)         ; 0           ; 0            ; 0       ; 0         ; 0    ; 0            ; |kit_single_cycle|alu:alu_top|slt_sltu:slt_alu|add_sub_32_bit:SUB|full_adder:adder_32[5].FA  ; work         ;
;             |full_adder:adder_32[6].FA|  ; 6 (6)             ; 0 (0)         ; 0           ; 0            ; 0       ; 0         ; 0    ; 0            ; |kit_single_cycle|alu:alu_top|slt_sltu:slt_alu|add_sub_32_bit:SUB|full_adder:adder_32[6].FA  ; work         ;
;             |full_adder:adder_32[7].FA|  ; 1 (1)             ; 0 (0)         ; 0           ; 0            ; 0       ; 0         ; 0    ; 0            ; |kit_single_cycle|alu:alu_top|slt_sltu:slt_alu|add_sub_32_bit:SUB|full_adder:adder_32[7].FA  ; work         ;
;             |full_adder:adder_32[8].FA|  ; 1 (1)             ; 0 (0)         ; 0           ; 0            ; 0       ; 0         ; 0    ; 0            ; |kit_single_cycle|alu:alu_top|slt_sltu:slt_alu|add_sub_32_bit:SUB|full_adder:adder_32[8].FA  ; work         ;
;             |full_adder:adder_32[9].FA|  ; 1 (1)             ; 0 (0)         ; 0           ; 0            ; 0       ; 0         ; 0    ; 0            ; |kit_single_cycle|alu:alu_top|slt_sltu:slt_alu|add_sub_32_bit:SUB|full_adder:adder_32[9].FA  ; work         ;
;    |brc:brc_top|                         ; 64 (25)           ; 0 (0)         ; 0           ; 0            ; 0       ; 0         ; 0    ; 0            ; |kit_single_cycle|brc:brc_top                                                                ; work         ;
;       |add_sub_32_bit:subtractor|        ; 39 (0)            ; 0 (0)         ; 0           ; 0            ; 0       ; 0         ; 0    ; 0            ; |kit_single_cycle|brc:brc_top|add_sub_32_bit:subtractor                                      ; work         ;
;          |full_adder:adder_32[10].FA|    ; 1 (1)             ; 0 (0)         ; 0           ; 0            ; 0       ; 0         ; 0    ; 0            ; |kit_single_cycle|brc:brc_top|add_sub_32_bit:subtractor|full_adder:adder_32[10].FA           ; work         ;
;          |full_adder:adder_32[11].FA|    ; 2 (2)             ; 0 (0)         ; 0           ; 0            ; 0       ; 0         ; 0    ; 0            ; |kit_single_cycle|brc:brc_top|add_sub_32_bit:subtractor|full_adder:adder_32[11].FA           ; work         ;
;          |full_adder:adder_32[12].FA|    ; 1 (1)             ; 0 (0)         ; 0           ; 0            ; 0       ; 0         ; 0    ; 0            ; |kit_single_cycle|brc:brc_top|add_sub_32_bit:subtractor|full_adder:adder_32[12].FA           ; work         ;
;          |full_adder:adder_32[13].FA|    ; 1 (1)             ; 0 (0)         ; 0           ; 0            ; 0       ; 0         ; 0    ; 0            ; |kit_single_cycle|brc:brc_top|add_sub_32_bit:subtractor|full_adder:adder_32[13].FA           ; work         ;
;          |full_adder:adder_32[14].FA|    ; 2 (2)             ; 0 (0)         ; 0           ; 0            ; 0       ; 0         ; 0    ; 0            ; |kit_single_cycle|brc:brc_top|add_sub_32_bit:subtractor|full_adder:adder_32[14].FA           ; work         ;
;          |full_adder:adder_32[15].FA|    ; 1 (1)             ; 0 (0)         ; 0           ; 0            ; 0       ; 0         ; 0    ; 0            ; |kit_single_cycle|brc:brc_top|add_sub_32_bit:subtractor|full_adder:adder_32[15].FA           ; work         ;
;          |full_adder:adder_32[16].FA|    ; 1 (1)             ; 0 (0)         ; 0           ; 0            ; 0       ; 0         ; 0    ; 0            ; |kit_single_cycle|brc:brc_top|add_sub_32_bit:subtractor|full_adder:adder_32[16].FA           ; work         ;
;          |full_adder:adder_32[17].FA|    ; 2 (2)             ; 0 (0)         ; 0           ; 0            ; 0       ; 0         ; 0    ; 0            ; |kit_single_cycle|brc:brc_top|add_sub_32_bit:subtractor|full_adder:adder_32[17].FA           ; work         ;
;          |full_adder:adder_32[18].FA|    ; 1 (1)             ; 0 (0)         ; 0           ; 0            ; 0       ; 0         ; 0    ; 0            ; |kit_single_cycle|brc:brc_top|add_sub_32_bit:subtractor|full_adder:adder_32[18].FA           ; work         ;
;          |full_adder:adder_32[19].FA|    ; 1 (1)             ; 0 (0)         ; 0           ; 0            ; 0       ; 0         ; 0    ; 0            ; |kit_single_cycle|brc:brc_top|add_sub_32_bit:subtractor|full_adder:adder_32[19].FA           ; work         ;
;          |full_adder:adder_32[1].FA|     ; 2 (2)             ; 0 (0)         ; 0           ; 0            ; 0       ; 0         ; 0    ; 0            ; |kit_single_cycle|brc:brc_top|add_sub_32_bit:subtractor|full_adder:adder_32[1].FA            ; work         ;
;          |full_adder:adder_32[20].FA|    ; 2 (2)             ; 0 (0)         ; 0           ; 0            ; 0       ; 0         ; 0    ; 0            ; |kit_single_cycle|brc:brc_top|add_sub_32_bit:subtractor|full_adder:adder_32[20].FA           ; work         ;
;          |full_adder:adder_32[21].FA|    ; 1 (1)             ; 0 (0)         ; 0           ; 0            ; 0       ; 0         ; 0    ; 0            ; |kit_single_cycle|brc:brc_top|add_sub_32_bit:subtractor|full_adder:adder_32[21].FA           ; work         ;
;          |full_adder:adder_32[22].FA|    ; 1 (1)             ; 0 (0)         ; 0           ; 0            ; 0       ; 0         ; 0    ; 0            ; |kit_single_cycle|brc:brc_top|add_sub_32_bit:subtractor|full_adder:adder_32[22].FA           ; work         ;
;          |full_adder:adder_32[23].FA|    ; 2 (2)             ; 0 (0)         ; 0           ; 0            ; 0       ; 0         ; 0    ; 0            ; |kit_single_cycle|brc:brc_top|add_sub_32_bit:subtractor|full_adder:adder_32[23].FA           ; work         ;
;          |full_adder:adder_32[24].FA|    ; 1 (1)             ; 0 (0)         ; 0           ; 0            ; 0       ; 0         ; 0    ; 0            ; |kit_single_cycle|brc:brc_top|add_sub_32_bit:subtractor|full_adder:adder_32[24].FA           ; work         ;
;          |full_adder:adder_32[25].FA|    ; 1 (1)             ; 0 (0)         ; 0           ; 0            ; 0       ; 0         ; 0    ; 0            ; |kit_single_cycle|brc:brc_top|add_sub_32_bit:subtractor|full_adder:adder_32[25].FA           ; work         ;
;          |full_adder:adder_32[26].FA|    ; 2 (2)             ; 0 (0)         ; 0           ; 0            ; 0       ; 0         ; 0    ; 0            ; |kit_single_cycle|brc:brc_top|add_sub_32_bit:subtractor|full_adder:adder_32[26].FA           ; work         ;
;          |full_adder:adder_32[27].FA|    ; 1 (1)             ; 0 (0)         ; 0           ; 0            ; 0       ; 0         ; 0    ; 0            ; |kit_single_cycle|brc:brc_top|add_sub_32_bit:subtractor|full_adder:adder_32[27].FA           ; work         ;
;          |full_adder:adder_32[28].FA|    ; 1 (1)             ; 0 (0)         ; 0           ; 0            ; 0       ; 0         ; 0    ; 0            ; |kit_single_cycle|brc:brc_top|add_sub_32_bit:subtractor|full_adder:adder_32[28].FA           ; work         ;
;          |full_adder:adder_32[29].FA|    ; 1 (1)             ; 0 (0)         ; 0           ; 0            ; 0       ; 0         ; 0    ; 0            ; |kit_single_cycle|brc:brc_top|add_sub_32_bit:subtractor|full_adder:adder_32[29].FA           ; work         ;
;          |full_adder:adder_32[2].FA|     ; 1 (1)             ; 0 (0)         ; 0           ; 0            ; 0       ; 0         ; 0    ; 0            ; |kit_single_cycle|brc:brc_top|add_sub_32_bit:subtractor|full_adder:adder_32[2].FA            ; work         ;
;          |full_adder:adder_32[30].FA|    ; 1 (1)             ; 0 (0)         ; 0           ; 0            ; 0       ; 0         ; 0    ; 0            ; |kit_single_cycle|brc:brc_top|add_sub_32_bit:subtractor|full_adder:adder_32[30].FA           ; work         ;
;          |full_adder:adder_32[3].FA|     ; 1 (1)             ; 0 (0)         ; 0           ; 0            ; 0       ; 0         ; 0    ; 0            ; |kit_single_cycle|brc:brc_top|add_sub_32_bit:subtractor|full_adder:adder_32[3].FA            ; work         ;
;          |full_adder:adder_32[4].FA|     ; 1 (1)             ; 0 (0)         ; 0           ; 0            ; 0       ; 0         ; 0    ; 0            ; |kit_single_cycle|brc:brc_top|add_sub_32_bit:subtractor|full_adder:adder_32[4].FA            ; work         ;
;          |full_adder:adder_32[5].FA|     ; 2 (2)             ; 0 (0)         ; 0           ; 0            ; 0       ; 0         ; 0    ; 0            ; |kit_single_cycle|brc:brc_top|add_sub_32_bit:subtractor|full_adder:adder_32[5].FA            ; work         ;
;          |full_adder:adder_32[6].FA|     ; 1 (1)             ; 0 (0)         ; 0           ; 0            ; 0       ; 0         ; 0    ; 0            ; |kit_single_cycle|brc:brc_top|add_sub_32_bit:subtractor|full_adder:adder_32[6].FA            ; work         ;
;          |full_adder:adder_32[7].FA|     ; 1 (1)             ; 0 (0)         ; 0           ; 0            ; 0       ; 0         ; 0    ; 0            ; |kit_single_cycle|brc:brc_top|add_sub_32_bit:subtractor|full_adder:adder_32[7].FA            ; work         ;
;          |full_adder:adder_32[8].FA|     ; 2 (2)             ; 0 (0)         ; 0           ; 0            ; 0       ; 0         ; 0    ; 0            ; |kit_single_cycle|brc:brc_top|add_sub_32_bit:subtractor|full_adder:adder_32[8].FA            ; work         ;
;          |full_adder:adder_32[9].FA|     ; 1 (1)             ; 0 (0)         ; 0           ; 0            ; 0       ; 0         ; 0    ; 0            ; |kit_single_cycle|brc:brc_top|add_sub_32_bit:subtractor|full_adder:adder_32[9].FA            ; work         ;
;    |control_unit:control_unit_top|       ; 48 (48)           ; 0 (0)         ; 0           ; 0            ; 0       ; 0         ; 0    ; 0            ; |kit_single_cycle|control_unit:control_unit_top                                              ; work         ;
;    |imm_gen:imm_gen_top|                 ; 1 (1)             ; 0 (0)         ; 0           ; 0            ; 0       ; 0         ; 0    ; 0            ; |kit_single_cycle|imm_gen:imm_gen_top                                                        ; work         ;
;    |inst_memory:inst_memory_top|         ; 414 (414)         ; 0 (0)         ; 0           ; 0            ; 0       ; 0         ; 0    ; 0            ; |kit_single_cycle|inst_memory:inst_memory_top                                                ; work         ;
;    |lsu:lsu_top|                         ; 11949 (0)         ; 16576 (32)    ; 0           ; 0            ; 0       ; 0         ; 0    ; 0            ; |kit_single_cycle|lsu:lsu_top                                                                ; work         ;
;       |datamem:mem|                      ; 11633 (11478)     ; 16384 (16384) ; 0           ; 0            ; 0       ; 0         ; 0    ; 0            ; |kit_single_cycle|lsu:lsu_top|datamem:mem                                                    ; work         ;
;          |data_trsf:trsf_st|             ; 155 (155)         ; 0 (0)         ; 0           ; 0            ; 0       ; 0         ; 0    ; 0            ; |kit_single_cycle|lsu:lsu_top|datamem:mem|data_trsf:trsf_st                                  ; work         ;
;       |demux_sel_mem:demux_1|            ; 2 (2)             ; 0 (0)         ; 0           ; 0            ; 0       ; 0         ; 0    ; 0            ; |kit_single_cycle|lsu:lsu_top|demux_sel_mem:demux_1                                          ; work         ;
;       |mux_3_1_lsu:mux31|                ; 12 (12)           ; 0 (0)         ; 0           ; 0            ; 0       ; 0         ; 0    ; 0            ; |kit_single_cycle|lsu:lsu_top|mux_3_1_lsu:mux31                                              ; work         ;
;       |output_buffer:outputperiph|       ; 302 (108)         ; 160 (160)     ; 0           ; 0            ; 0       ; 0         ; 0    ; 0            ; |kit_single_cycle|lsu:lsu_top|output_buffer:outputperiph                                     ; work         ;
;          |data_trsf:trsf_st|             ; 194 (194)         ; 0 (0)         ; 0           ; 0            ; 0       ; 0         ; 0    ; 0            ; |kit_single_cycle|lsu:lsu_top|output_buffer:outputperiph|data_trsf:trsf_st                   ; work         ;
;    |mux_2_1:mux2_1_asel_top|             ; 33 (33)           ; 0 (0)         ; 0           ; 0            ; 0       ; 0         ; 0    ; 0            ; |kit_single_cycle|mux_2_1:mux2_1_asel_top                                                    ; work         ;
;    |mux_2_1:mux2_1_bsel_top|             ; 77 (77)           ; 0 (0)         ; 0           ; 0            ; 0       ; 0         ; 0    ; 0            ; |kit_single_cycle|mux_2_1:mux2_1_bsel_top                                                    ; work         ;
;    |mux_2_1:mux2_1_pc_sel|               ; 20 (20)           ; 0 (0)         ; 0           ; 0            ; 0       ; 0         ; 0    ; 0            ; |kit_single_cycle|mux_2_1:mux2_1_pc_sel                                                      ; work         ;
;    |mux_3_1:mux3_1_top_writeback|        ; 178 (178)         ; 0 (0)         ; 0           ; 0            ; 0       ; 0         ; 0    ; 0            ; |kit_single_cycle|mux_3_1:mux3_1_top_writeback                                               ; work         ;
;    |pc:pc_top|                           ; 10 (10)           ; 32 (32)       ; 0           ; 0            ; 0       ; 0         ; 0    ; 0            ; |kit_single_cycle|pc:pc_top                                                                  ; work         ;
;    |regfile:regfile_top|                 ; 1391 (1391)       ; 992 (992)     ; 0           ; 0            ; 0       ; 0         ; 0    ; 0            ; |kit_single_cycle|regfile:regfile_top                                                        ; work         ;
+------------------------------------------+-------------------+---------------+-------------+--------------+---------+-----------+------+--------------+----------------------------------------------------------------------------------------------+--------------+
Note: For table entries with two numbers listed, the numbers in parentheses indicate the number of resources of the given type used by the specific entity alone. The numbers listed outside of parentheses indicate the total resources of the given type used by the specific entity and all of its sub-entities in the hierarchy.


+--------------------------------------------------------------------------------------+
; Registers Removed During Synthesis                                                   ;
+----------------------------------------+---------------------------------------------+
; Register name                          ; Reason for Removal                          ;
+----------------------------------------+---------------------------------------------+
; regfile:regfile_top|Reg[0][12]         ; Stuck at GND due to stuck port clock_enable ;
; regfile:regfile_top|Reg[0][11]         ; Stuck at GND due to stuck port clock_enable ;
; regfile:regfile_top|Reg[0][0]          ; Stuck at GND due to stuck port clock_enable ;
; regfile:regfile_top|Reg[0][8]          ; Stuck at GND due to stuck port clock_enable ;
; regfile:regfile_top|Reg[0][7]          ; Stuck at GND due to stuck port clock_enable ;
; regfile:regfile_top|Reg[0][2]          ; Stuck at GND due to stuck port clock_enable ;
; regfile:regfile_top|Reg[0][4]          ; Stuck at GND due to stuck port clock_enable ;
; regfile:regfile_top|Reg[0][3]          ; Stuck at GND due to stuck port clock_enable ;
; regfile:regfile_top|Reg[0][10]         ; Stuck at GND due to stuck port clock_enable ;
; regfile:regfile_top|Reg[0][9]          ; Stuck at GND due to stuck port clock_enable ;
; regfile:regfile_top|Reg[0][6]          ; Stuck at GND due to stuck port clock_enable ;
; regfile:regfile_top|Reg[0][5]          ; Stuck at GND due to stuck port clock_enable ;
; regfile:regfile_top|Reg[0][1]          ; Stuck at GND due to stuck port clock_enable ;
; regfile:regfile_top|Reg[0][28]         ; Stuck at GND due to stuck port clock_enable ;
; regfile:regfile_top|Reg[0][29]         ; Stuck at GND due to stuck port clock_enable ;
; regfile:regfile_top|Reg[0][30]         ; Stuck at GND due to stuck port clock_enable ;
; regfile:regfile_top|Reg[0][31]         ; Stuck at GND due to stuck port clock_enable ;
; regfile:regfile_top|Reg[0][13]         ; Stuck at GND due to stuck port clock_enable ;
; regfile:regfile_top|Reg[0][14]         ; Stuck at GND due to stuck port clock_enable ;
; regfile:regfile_top|Reg[0][15]         ; Stuck at GND due to stuck port clock_enable ;
; regfile:regfile_top|Reg[0][16]         ; Stuck at GND due to stuck port clock_enable ;
; regfile:regfile_top|Reg[0][17]         ; Stuck at GND due to stuck port clock_enable ;
; regfile:regfile_top|Reg[0][18]         ; Stuck at GND due to stuck port clock_enable ;
; regfile:regfile_top|Reg[0][19]         ; Stuck at GND due to stuck port clock_enable ;
; regfile:regfile_top|Reg[0][20]         ; Stuck at GND due to stuck port clock_enable ;
; regfile:regfile_top|Reg[0][21]         ; Stuck at GND due to stuck port clock_enable ;
; regfile:regfile_top|Reg[0][22]         ; Stuck at GND due to stuck port clock_enable ;
; regfile:regfile_top|Reg[0][23]         ; Stuck at GND due to stuck port clock_enable ;
; regfile:regfile_top|Reg[0][24]         ; Stuck at GND due to stuck port clock_enable ;
; regfile:regfile_top|Reg[0][25]         ; Stuck at GND due to stuck port clock_enable ;
; regfile:regfile_top|Reg[0][26]         ; Stuck at GND due to stuck port clock_enable ;
; regfile:regfile_top|Reg[0][27]         ; Stuck at GND due to stuck port clock_enable ;
; Total Number of Removed Registers = 32 ;                                             ;
+----------------------------------------+---------------------------------------------+


+------------------------------------------------------+
; General Register Statistics                          ;
+----------------------------------------------+-------+
; Statistic                                    ; Value ;
+----------------------------------------------+-------+
; Total registers                              ; 17633 ;
; Number of registers using Synchronous Clear  ; 0     ;
; Number of registers using Synchronous Load   ; 10    ;
; Number of registers using Asynchronous Clear ; 17601 ;
; Number of registers using Asynchronous Load  ; 0     ;
; Number of registers using Clock Enable       ; 17538 ;
; Number of registers using Preset             ; 0     ;
+----------------------------------------------+-------+


+------------------------------------------------------------------------------------------------------------------------------------------------------------------------------------------------------+
; Multiplexer Restructuring Statistics (Restructuring Performed)                                                                                                                                       ;
+--------------------+-----------+---------------+----------------------+------------------------+------------+----------------------------------------------------------------------------------------+
; Multiplexer Inputs ; Bus Width ; Baseline Area ; Area if Restructured ; Saving if Restructured ; Registered ; Example Multiplexer Output                                                             ;
+--------------------+-----------+---------------+----------------------+------------------------+------------+----------------------------------------------------------------------------------------+
; 3:1                ; 8 bits    ; 16 LEs        ; 16 LEs               ; 0 LEs                  ; No         ; |kit_single_cycle|alu:alu_top|shift_left_logical:sll_alu|Mux1                          ;
; 3:1                ; 16 bits   ; 32 LEs        ; 32 LEs               ; 0 LEs                  ; No         ; |kit_single_cycle|lsu:lsu_top|output_buffer:outputperiph|data_trsf:trsf_st|Mux48       ;
; 3:1                ; 2 bits    ; 4 LEs         ; 2 LEs                ; 2 LEs                  ; No         ; |kit_single_cycle|lsu:lsu_top|datamem:mem|data_trsf:trsf_st|Mux57                      ;
; 4:1                ; 4 bits    ; 8 LEs         ; 8 LEs                ; 0 LEs                  ; No         ; |kit_single_cycle|alu:alu_top|shift_left_logical:sll_alu|Mux30                         ;
; 4:1                ; 2 bits    ; 4 LEs         ; 4 LEs                ; 0 LEs                  ; No         ; |kit_single_cycle|lsu:lsu_top|output_buffer:outputperiph|data_trsf:trsf_st|Mux55       ;
; 3:1                ; 6 bits    ; 12 LEs        ; 12 LEs               ; 0 LEs                  ; No         ; |kit_single_cycle|mux_2_1:mux2_1_bsel_top|data_out_o[5]                                ;
; 3:1                ; 11 bits   ; 22 LEs        ; 22 LEs               ; 0 LEs                  ; No         ; |kit_single_cycle|mux_2_1:mux2_1_bsel_top|data_out_o[28]                               ;
; 5:1                ; 2 bits    ; 6 LEs         ; 6 LEs                ; 0 LEs                  ; No         ; |kit_single_cycle|alu:alu_top|shift_left_logical:sll_alu|Mux30                         ;
; 16:1               ; 25 bits   ; 250 LEs       ; 100 LEs              ; 150 LEs                ; No         ; |kit_single_cycle|lsu:lsu_top|output_buffer:outputperiph|Mux18                         ;
; 64:1               ; 3 bits    ; 126 LEs       ; 15 LEs               ; 111 LEs                ; No         ; |kit_single_cycle|control_unit:control_unit_top|Selector3                              ;
; 33:1               ; 32 bits   ; 704 LEs       ; 704 LEs              ; 0 LEs                  ; No         ; |kit_single_cycle|regfile:regfile_top|o_rs1_data[30]                                   ;
; 33:1               ; 32 bits   ; 704 LEs       ; 704 LEs              ; 0 LEs                  ; No         ; |kit_single_cycle|regfile:regfile_top|o_rs2_data[31]                                   ;
; 6:1                ; 8 bits    ; 32 LEs        ; 16 LEs               ; 16 LEs                 ; No         ; |kit_single_cycle|mux_2_1:mux2_1_bsel_top|data_out_o[12]                               ;
; 14:1               ; 13 bits   ; 117 LEs       ; 78 LEs               ; 39 LEs                 ; No         ; |kit_single_cycle|alu:alu_top|Mux23                                                    ;
; 7:1                ; 4 bits    ; 16 LEs        ; 8 LEs                ; 8 LEs                  ; No         ; |kit_single_cycle|mux_2_1:mux2_1_bsel_top|data_out_o[1]                                ;
; 14:1               ; 6 bits    ; 54 LEs        ; 42 LEs               ; 12 LEs                 ; No         ; |kit_single_cycle|alu:alu_top|Mux13                                                    ;
; 10:1               ; 32 bits   ; 192 LEs       ; 160 LEs              ; 32 LEs                 ; No         ; |kit_single_cycle|mux_3_1:mux3_1_top_writeback|Mux11                                   ;
; 15:1               ; 4 bits    ; 40 LEs        ; 32 LEs               ; 8 LEs                  ; No         ; |kit_single_cycle|alu:alu_top|Mux7                                                     ;
; 512:1              ; 32 bits   ; 10912 LEs     ; 10912 LEs            ; 0 LEs                  ; No         ; |kit_single_cycle|lsu:lsu_top|datamem:mem|Mux10                                        ;
; 71:1               ; 2 bits    ; 94 LEs        ; 14 LEs               ; 80 LEs                 ; No         ; |kit_single_cycle|control_unit:control_unit_top|Selector6                              ;
; 11:1               ; 2 bits    ; 14 LEs        ; 6 LEs                ; 8 LEs                  ; No         ; |kit_single_cycle|lsu:lsu_top|output_buffer:outputperiph|data_trsf:trsf_st|data_af[7]  ;
; 12:1               ; 2 bits    ; 16 LEs        ; 8 LEs                ; 8 LEs                  ; No         ; |kit_single_cycle|lsu:lsu_top|datamem:mem|data_trsf:trsf_st|data_af[15]                ;
; 12:1               ; 16 bits   ; 128 LEs       ; 64 LEs               ; 64 LEs                 ; No         ; |kit_single_cycle|lsu:lsu_top|datamem:mem|data_trsf:trsf_st|data_af[29]                ;
; 12:1               ; 14 bits   ; 112 LEs       ; 56 LEs               ; 56 LEs                 ; No         ; |kit_single_cycle|lsu:lsu_top|output_buffer:outputperiph|data_trsf:trsf_st|data_af[11] ;
; 13:1               ; 16 bits   ; 128 LEs       ; 64 LEs               ; 64 LEs                 ; No         ; |kit_single_cycle|lsu:lsu_top|datamem:mem|data_trsf:trsf_st|data_af[18]                ;
; 16:1               ; 7 bits    ; 70 LEs        ; 28 LEs               ; 42 LEs                 ; No         ; |kit_single_cycle|lsu:lsu_top|datamem:mem|data_trsf:trsf_st|data_af[1]                 ;
; 27:1               ; 7 bits    ; 126 LEs       ; 56 LEs               ; 70 LEs                 ; No         ; |kit_single_cycle|lsu:lsu_top|output_buffer:outputperiph|data_trsf:trsf_st|data_af[6]  ;
+--------------------+-----------+---------------+----------------------+------------------------+------------+----------------------------------------------------------------------------------------+


+--------------------------------------------------------------------------------+
; Parameter Settings for User Entity Instance: lsu:lsu_top|demux_sel_mem:demux_1 ;
+----------------+----------------------------------+----------------------------+
; Parameter Name ; Value                            ; Type                       ;
+----------------+----------------------------------+----------------------------+
; START_DATAMEM  ; 00000000000000000000000000000000 ; Unsigned Binary            ;
; END_DATAMEM    ; 00000000000000000000100000000000 ; Unsigned Binary            ;
; START_OP_BF    ; 00010000000000000000000000000000 ; Unsigned Binary            ;
; END_OP_BF      ; 00010000000000000101000000000000 ; Unsigned Binary            ;
+----------------+----------------------------------+----------------------------+
Note: In order to hide this table in the UI and the text report file, please set the "Show Parameter Settings in Synthesis Report" option in "Analysis and Synthesis Settings -> More Settings" to "Off".


+--------------------------------------------------------------------------------------------------------------------------------------------+
; Port Connectivity Checks: "control_unit:control_unit_top"                                                                                  ;
+-------------+--------+----------+----------------------------------------------------------------------------------------------------------+
; Port        ; Type   ; Severity ; Details                                                                                                  ;
+-------------+--------+----------+----------------------------------------------------------------------------------------------------------+
; o_load_type ; Output ; Warning  ; Declared by entity but not connected by instance. Logic that only feeds a dangling port will be removed. ;
+-------------+--------+----------+----------------------------------------------------------------------------------------------------------+


+-------------------------------------------------------------------+
; Port Connectivity Checks: "brc:brc_top|add_sub_32_bit:subtractor" ;
+------+-------+----------+-----------------------------------------+
; Port ; Type  ; Severity ; Details                                 ;
+------+-------+----------+-----------------------------------------+
; Sel  ; Input ; Info     ; Stuck at VCC                            ;
+------+-------+----------+-----------------------------------------+


+-----------------------------------------------------------+
; Port Connectivity Checks: "alu:alu_top|slt_sltu:sltu_alu" ;
+------+-------+----------+---------------------------------+
; Port ; Type  ; Severity ; Details                         ;
+------+-------+----------+---------------------------------+
; Sel  ; Input ; Info     ; Stuck at VCC                    ;
+------+-------+----------+---------------------------------+


+-------------------------------------------------------------------------------------------------------------------------+
; Port Connectivity Checks: "alu:alu_top|slt_sltu:slt_alu|add_sub_32_bit:SUB"                                             ;
+---------------+--------+----------+-------------------------------------------------------------------------------------+
; Port          ; Type   ; Severity ; Details                                                                             ;
+---------------+--------+----------+-------------------------------------------------------------------------------------+
; Sel           ; Input  ; Info     ; Stuck at VCC                                                                        ;
; Result[30..0] ; Output ; Info     ; Connected to dangling logic. Logic that only feeds a dangling port will be removed. ;
+---------------+--------+----------+-------------------------------------------------------------------------------------+


+----------------------------------------------------------+
; Port Connectivity Checks: "alu:alu_top|slt_sltu:slt_alu" ;
+------+-------+----------+--------------------------------+
; Port ; Type  ; Severity ; Details                        ;
+------+-------+----------+--------------------------------+
; Sel  ; Input ; Info     ; Stuck at GND                   ;
+------+-------+----------+--------------------------------+


+-------------------------------------------------------------------------------------------------------------------------------------+
; Port Connectivity Checks: "alu:alu_top|add_sub_32_bit:add_sub_alu"                                                                  ;
+------+--------+----------+----------------------------------------------------------------------------------------------------------+
; Port ; Type   ; Severity ; Details                                                                                                  ;
+------+--------+----------+----------------------------------------------------------------------------------------------------------+
; Cout ; Output ; Warning  ; Declared by entity but not connected by instance. Logic that only feeds a dangling port will be removed. ;
+------+--------+----------+----------------------------------------------------------------------------------------------------------+


+-----------------------------------------------------------------------------------------------------------------------------------------+
; Port Connectivity Checks: "add_sub_32_bit:pc_add4"                                                                                      ;
+----------+--------+----------+----------------------------------------------------------------------------------------------------------+
; Port     ; Type   ; Severity ; Details                                                                                                  ;
+----------+--------+----------+----------------------------------------------------------------------------------------------------------+
; B[31..3] ; Input  ; Info     ; Stuck at GND                                                                                             ;
; B[1..0]  ; Input  ; Info     ; Stuck at GND                                                                                             ;
; B[2]     ; Input  ; Info     ; Stuck at VCC                                                                                             ;
; Sel      ; Input  ; Info     ; Stuck at GND                                                                                             ;
; Cout     ; Output ; Warning  ; Declared by entity but not connected by instance. Logic that only feeds a dangling port will be removed. ;
+----------+--------+----------+----------------------------------------------------------------------------------------------------------+


+-------------------------------+
; Elapsed Time Per Partition    ;
+----------------+--------------+
; Partition Name ; Elapsed Time ;
+----------------+--------------+
; Top            ; 00:01:27     ;
+----------------+--------------+


+-------------------------------+
; Analysis & Synthesis Messages ;
+-------------------------------+
Info: *******************************************************************
Info: Running Quartus II 64-Bit Analysis & Synthesis
    Info: Version 13.0.1 Build 232 06/12/2013 Service Pack 1 SJ Web Edition
    Info: Processing started: Sun Nov 02 15:29:48 2025
Info: Command: quartus_map --read_settings_files=on --write_settings_files=off kit_single_cycle -c kit_single_cycle
Warning (20028): Parallel compilation is not licensed and has been disabled
Info (12021): Found 22 design units, including 22 entities, in source file kit_single_cycle.sv
    Info (12023): Found entity 1: kit_single_cycle
    Info (12023): Found entity 2: inst_memory
    Info (12023): Found entity 3: add_sub_32_bit
    Info (12023): Found entity 4: alu
    Info (12023): Found entity 5: brc
    Info (12023): Found entity 6: control_unit
    Info (12023): Found entity 7: full_adder
    Info (12023): Found entity 8: imm_gen
    Info (12023): Found entity 9: lsu
    Info (12023): Found entity 10: datamem
    Info (12023): Found entity 11: demux_sel_mem
    Info (12023): Found entity 12: output_buffer
    Info (12023): Found entity 13: data_trsf
    Info (12023): Found entity 14: mux_3_1_lsu
    Info (12023): Found entity 15: mux_2_1
    Info (12023): Found entity 16: mux_3_1
    Info (12023): Found entity 17: pc
    Info (12023): Found entity 18: regfile
    Info (12023): Found entity 19: shift_left_logical
    Info (12023): Found entity 20: shift_right_arithmetic
    Info (12023): Found entity 21: shift_right_logical
    Info (12023): Found entity 22: slt_sltu
Warning (10236): Verilog HDL Implicit Net warning at kit_single_cycle.sv(169): created implicit net for "insn_vld"
Info (12127): Elaborating entity "kit_single_cycle" for the top level hierarchy
Info (12128): Elaborating entity "pc" for hierarchy "pc:pc_top"
Info (12128): Elaborating entity "add_sub_32_bit" for hierarchy "add_sub_32_bit:pc_add4"
Info (12128): Elaborating entity "full_adder" for hierarchy "add_sub_32_bit:pc_add4|full_adder:FA0"
Info (12128): Elaborating entity "inst_memory" for hierarchy "inst_memory:inst_memory_top"
Warning (10850): Verilog HDL warning at kit_single_cycle.sv(235): number of words (149) in memory file does not match the number of elements in the address range [0:2048]
Warning (10030): Net "imem.data_a" at kit_single_cycle.sv(233) has no driver or initial value, using a default initial value '0'
Warning (10030): Net "imem.waddr_a" at kit_single_cycle.sv(233) has no driver or initial value, using a default initial value '0'
Warning (10030): Net "imem.we_a" at kit_single_cycle.sv(233) has no driver or initial value, using a default initial value '0'
Info (12128): Elaborating entity "imm_gen" for hierarchy "imm_gen:imm_gen_top"
Info (12128): Elaborating entity "alu" for hierarchy "alu:alu_top"
Info (12128): Elaborating entity "shift_left_logical" for hierarchy "alu:alu_top|shift_left_logical:sll_alu"
Info (12128): Elaborating entity "shift_right_logical" for hierarchy "alu:alu_top|shift_right_logical:srl_alu"
Info (12128): Elaborating entity "shift_right_arithmetic" for hierarchy "alu:alu_top|shift_right_arithmetic:sra_alu"
Info (12128): Elaborating entity "slt_sltu" for hierarchy "alu:alu_top|slt_sltu:slt_alu"
Info (12128): Elaborating entity "lsu" for hierarchy "lsu:lsu_top"
Info (12128): Elaborating entity "datamem" for hierarchy "lsu:lsu_top|datamem:mem"
Warning (10027): Verilog HDL or VHDL warning at the kit_single_cycle.sv(822): index expression is not wide enough to address all of the elements in the array
Warning (10027): Verilog HDL or VHDL warning at the kit_single_cycle.sv(836): index expression is not wide enough to address all of the elements in the array
Info (12128): Elaborating entity "data_trsf" for hierarchy "lsu:lsu_top|datamem:mem|data_trsf:trsf_st"
Info (12128): Elaborating entity "demux_sel_mem" for hierarchy "lsu:lsu_top|demux_sel_mem:demux_1"
Info (12128): Elaborating entity "output_buffer" for hierarchy "lsu:lsu_top|output_buffer:outputperiph"
Info (12128): Elaborating entity "mux_3_1_lsu" for hierarchy "lsu:lsu_top|mux_3_1_lsu:mux31"
Info (10264): Verilog HDL Case Statement information at kit_single_cycle.sv(1104): all case item expressions in this case statement are onehot
Info (12128): Elaborating entity "mux_3_1" for hierarchy "mux_3_1:mux3_1_top_writeback"
Info (12128): Elaborating entity "brc" for hierarchy "brc:brc_top"
Info (12128): Elaborating entity "control_unit" for hierarchy "control_unit:control_unit_top"
Info (12128): Elaborating entity "regfile" for hierarchy "regfile:regfile_top"
Info (12128): Elaborating entity "mux_2_1" for hierarchy "mux_2_1:mux2_1_asel_top"
Warning (13046): Tri-state node(s) do not directly drive top-level pin(s)
    Warning (13049): Converted tri-state buffer "alu:alu_top|o_alu_data[0]" feeding internal logic into a wire
    Warning (13049): Converted tri-state buffer "alu:alu_top|o_alu_data[1]" feeding internal logic into a wire
    Warning (13049): Converted tri-state buffer "alu:alu_top|o_alu_data[2]" feeding internal logic into a wire
    Warning (13049): Converted tri-state buffer "alu:alu_top|o_alu_data[3]" feeding internal logic into a wire
    Warning (13049): Converted tri-state buffer "alu:alu_top|o_alu_data[4]" feeding internal logic into a wire
    Warning (13049): Converted tri-state buffer "alu:alu_top|o_alu_data[5]" feeding internal logic into a wire
    Warning (13049): Converted tri-state buffer "alu:alu_top|o_alu_data[6]" feeding internal logic into a wire
    Warning (13049): Converted tri-state buffer "alu:alu_top|o_alu_data[7]" feeding internal logic into a wire
    Warning (13049): Converted tri-state buffer "alu:alu_top|o_alu_data[8]" feeding internal logic into a wire
    Warning (13049): Converted tri-state buffer "alu:alu_top|o_alu_data[9]" feeding internal logic into a wire
    Warning (13049): Converted tri-state buffer "alu:alu_top|o_alu_data[10]" feeding internal logic into a wire
    Warning (13049): Converted tri-state buffer "alu:alu_top|o_alu_data[11]" feeding internal logic into a wire
    Warning (13049): Converted tri-state buffer "alu:alu_top|o_alu_data[12]" feeding internal logic into a wire
    Warning (13049): Converted tri-state buffer "alu:alu_top|o_alu_data[13]" feeding internal logic into a wire
    Warning (13049): Converted tri-state buffer "alu:alu_top|o_alu_data[14]" feeding internal logic into a wire
    Warning (13049): Converted tri-state buffer "alu:alu_top|o_alu_data[15]" feeding internal logic into a wire
    Warning (13049): Converted tri-state buffer "alu:alu_top|o_alu_data[16]" feeding internal logic into a wire
    Warning (13049): Converted tri-state buffer "alu:alu_top|o_alu_data[17]" feeding internal logic into a wire
    Warning (13049): Converted tri-state buffer "alu:alu_top|o_alu_data[18]" feeding internal logic into a wire
    Warning (13049): Converted tri-state buffer "alu:alu_top|o_alu_data[19]" feeding internal logic into a wire
    Warning (13049): Converted tri-state buffer "alu:alu_top|o_alu_data[20]" feeding internal logic into a wire
    Warning (13049): Converted tri-state buffer "alu:alu_top|o_alu_data[21]" feeding internal logic into a wire
    Warning (13049): Converted tri-state buffer "alu:alu_top|o_alu_data[22]" feeding internal logic into a wire
    Warning (13049): Converted tri-state buffer "alu:alu_top|o_alu_data[23]" feeding internal logic into a wire
    Warning (13049): Converted tri-state buffer "alu:alu_top|o_alu_data[24]" feeding internal logic into a wire
    Warning (13049): Converted tri-state buffer "alu:alu_top|o_alu_data[25]" feeding internal logic into a wire
    Warning (13049): Converted tri-state buffer "alu:alu_top|o_alu_data[26]" feeding internal logic into a wire
    Warning (13049): Converted tri-state buffer "alu:alu_top|o_alu_data[27]" feeding internal logic into a wire
    Warning (13049): Converted tri-state buffer "alu:alu_top|o_alu_data[28]" feeding internal logic into a wire
    Warning (13049): Converted tri-state buffer "alu:alu_top|o_alu_data[29]" feeding internal logic into a wire
    Warning (13049): Converted tri-state buffer "alu:alu_top|o_alu_data[30]" feeding internal logic into a wire
    Warning (13049): Converted tri-state buffer "alu:alu_top|o_alu_data[31]" feeding internal logic into a wire
    Warning (13049): Converted tri-state buffer "imm_gen:imm_gen_top|o_imm_out[0]" feeding internal logic into a wire
    Warning (13049): Converted tri-state buffer "imm_gen:imm_gen_top|o_imm_out[1]" feeding internal logic into a wire
    Warning (13049): Converted tri-state buffer "imm_gen:imm_gen_top|o_imm_out[2]" feeding internal logic into a wire
    Warning (13049): Converted tri-state buffer "imm_gen:imm_gen_top|o_imm_out[3]" feeding internal logic into a wire
    Warning (13049): Converted tri-state buffer "imm_gen:imm_gen_top|o_imm_out[4]" feeding internal logic into a wire
    Warning (13049): Converted tri-state buffer "imm_gen:imm_gen_top|o_imm_out[5]" feeding internal logic into a wire
    Warning (13049): Converted tri-state buffer "imm_gen:imm_gen_top|o_imm_out[6]" feeding internal logic into a wire
    Warning (13049): Converted tri-state buffer "imm_gen:imm_gen_top|o_imm_out[7]" feeding internal logic into a wire
    Warning (13049): Converted tri-state buffer "imm_gen:imm_gen_top|o_imm_out[8]" feeding internal logic into a wire
    Warning (13049): Converted tri-state buffer "imm_gen:imm_gen_top|o_imm_out[9]" feeding internal logic into a wire
    Warning (13049): Converted tri-state buffer "imm_gen:imm_gen_top|o_imm_out[10]" feeding internal logic into a wire
    Warning (13049): Converted tri-state buffer "imm_gen:imm_gen_top|o_imm_out[11]" feeding internal logic into a wire
    Warning (13049): Converted tri-state buffer "imm_gen:imm_gen_top|o_imm_out[12]" feeding internal logic into a wire
    Warning (13049): Converted tri-state buffer "imm_gen:imm_gen_top|o_imm_out[13]" feeding internal logic into a wire
    Warning (13049): Converted tri-state buffer "imm_gen:imm_gen_top|o_imm_out[14]" feeding internal logic into a wire
    Warning (13049): Converted tri-state buffer "imm_gen:imm_gen_top|o_imm_out[15]" feeding internal logic into a wire
    Warning (13049): Converted tri-state buffer "imm_gen:imm_gen_top|o_imm_out[16]" feeding internal logic into a wire
    Warning (13049): Converted tri-state buffer "imm_gen:imm_gen_top|o_imm_out[17]" feeding internal logic into a wire
    Warning (13049): Converted tri-state buffer "imm_gen:imm_gen_top|o_imm_out[18]" feeding internal logic into a wire
    Warning (13049): Converted tri-state buffer "imm_gen:imm_gen_top|o_imm_out[19]" feeding internal logic into a wire
    Warning (13049): Converted tri-state buffer "imm_gen:imm_gen_top|o_imm_out[20]" feeding internal logic into a wire
    Warning (13049): Converted tri-state buffer "imm_gen:imm_gen_top|o_imm_out[21]" feeding internal logic into a wire
    Warning (13049): Converted tri-state buffer "imm_gen:imm_gen_top|o_imm_out[22]" feeding internal logic into a wire
    Warning (13049): Converted tri-state buffer "imm_gen:imm_gen_top|o_imm_out[23]" feeding internal logic into a wire
    Warning (13049): Converted tri-state buffer "imm_gen:imm_gen_top|o_imm_out[24]" feeding internal logic into a wire
    Warning (13049): Converted tri-state buffer "imm_gen:imm_gen_top|o_imm_out[25]" feeding internal logic into a wire
    Warning (13049): Converted tri-state buffer "imm_gen:imm_gen_top|o_imm_out[26]" feeding internal logic into a wire
    Warning (13049): Converted tri-state buffer "imm_gen:imm_gen_top|o_imm_out[27]" feeding internal logic into a wire
    Warning (13049): Converted tri-state buffer "imm_gen:imm_gen_top|o_imm_out[28]" feeding internal logic into a wire
    Warning (13049): Converted tri-state buffer "imm_gen:imm_gen_top|o_imm_out[29]" feeding internal logic into a wire
    Warning (13049): Converted tri-state buffer "imm_gen:imm_gen_top|o_imm_out[30]" feeding internal logic into a wire
    Warning (13049): Converted tri-state buffer "imm_gen:imm_gen_top|o_imm_out[31]" feeding internal logic into a wire
Critical Warning (127005): Memory depth (4096) in the design file differs from memory depth (2049) in the Memory Initialization File "D:/HCMUT/Year_2025_2026/251/Conmputer_Organization/milestone_2/03_Quartus/db/kit_single_cycle.ram0_inst_memory_38b34dae.hdl.mif" -- setting initial value for remaining addresses to 0
Warning (127007): Memory Initialization File or Hexadecimal (Intel-Format) File "D:/HCMUT/Year_2025_2026/251/Conmputer_Organization/milestone_2/03_Quartus/db/kit_single_cycle.ram0_inst_memory_38b34dae.hdl.mif" contains "don't care" values -- overwriting them with 0s
Warning (12241): 3 hierarchies have connectivity warnings - see the Connectivity Checks report folder
Warning (13004): Presettable and clearable registers converted to equivalent circuits with latches. Registers power-up to an undefined state, and DEVCLRn places the registers in an undefined state.
    Warning (13310): Register "o_inst_vld~reg0" is converted into an equivalent circuit using register "o_inst_vld~reg0_emulated" and latch "o_inst_vld~1"
Info (144001): Generated suppressed messages file D:/HCMUT/Year_2025_2026/251/Conmputer_Organization/milestone_2/03_Quartus/output_files/kit_single_cycle.map.smsg
Info (16010): Generating hard_block partition "hard_block:auto_generated_inst"
    Info (16011): Adding 0 node(s), including 0 DDIO, 0 PLL, 0 transceiver and 0 LCELL
Info (21057): Implemented 32673 device resources after synthesis - the final resource count might be different
    Info (21058): Implemented 34 input pins
    Info (21059): Implemented 185 output pins
    Info (21061): Implemented 32454 logic cells
Info: Quartus II 64-Bit Analysis & Synthesis was successful. 0 errors, 78 warnings
    Info: Peak virtual memory: 5616 megabytes
    Info: Processing ended: Sun Nov 02 15:31:29 2025
    Info: Elapsed time: 00:01:41
    Info: Total CPU time (on all processors): 00:01:40


+------------------------------------------+
; Analysis & Synthesis Suppressed Messages ;
+------------------------------------------+
The suppressed messages can be found in D:/HCMUT/Year_2025_2026/251/Conmputer_Organization/milestone_2/03_Quartus/output_files/kit_single_cycle.map.smsg.


